<?xml version="1.0" encoding="UTF-8" standalone="yes"?>
<employeeversion2>
    <givenname>Katalin</givenname>
    <familyname>Kovacs</familyname>
</employeeversion2>